Script started on Mon Oct 23 20:39:29 2017
[?1034hbash-3.2$ python
Python 2.7.10 (default, Oct 23 2015, 19:19:21) 
[GCC 4.2.1 Compatible Apple LLVM 7.0.0 (clang-700.0.59.5)] on darwin
Type "help", "copyright", "credits" or "license" for more information.
>>> 
>>> 
>>> clear
Traceback (most recent call last):
  File "<stdin>", line 1, in <module>
NameError: name 'clear' is not defined
>>> 
>>> 
>>> exit()
bash-3.2$ p[Kclear
[H[2Jbash-3.2$ python
Python 2.7.10 (default, Oct 23 2015, 19:19:21) 
[GCC 4.2.1 Compatible Apple LLVM 7.0.0 (clang-700.0.59.5)] on darwin
Type "help", "copyright", "credits" or "license" for more information.
>>> 
>>> a = [ 10, 20, 30, 40 ]
>>> reeta _a = 10
>>> reeta_b = 20
>>> reeta_a + reeta_a
20
>>> reeta_a + reeta_a[Kb
30
>>> a-b [K[K_b[K[K[Ka [Ka
[10, 20, 30, 40]
>>> a[Knumber = [ 23, 45, 78, 23 ]
>>> total = 0
>>> for each_numbner [K[K[Ker in number:
...  t[Ktao[K[Kotal = total + each_number
... 
>>> total
169
>>> for each_number in number:
KeyboardInterrupt
>>> impo[Ko[K[K[K[Kfor each_number in number:
...  inpurt[K[Kt('agakjhgja')
...  print)[K(each_number_
... 
KeyboardInterrupt
>>>  print(each_number_[6Ginput('agakjhgja')
KeyboardInterrupt
>>> f[Kexit()
bash-3.2$ clear
[H[2Jbash-3.2$ python
Python 2.7.10 (default, Oct 23 2015, 19:19:21) 
[GCC 4.2.1 Compatible Apple LLVM 7.0.0 (clang-700.0.59.5)] on darwin
Type "help", "copyright", "credits" or "license" for more information.
>>> f[Knumber = [ 23, 45, 78, 23 ]
>>> 
>>> for number in nu[K[K[K[K[K[K in number:
...  print('what is no')
... p[K print[Kt(numb)
... 
what is no
23
what is no
45
what is no
78
what is no
23
>>> number
[23, 45, 78, 23]
>>> a = 1
>>> b = 'naga'
>>> tuyp[K[K[Kype(a, b)
Traceback (most recent call last):
  File "<stdin>", line 1, in <module>
TypeError: type() takes 1 or 3 arguments
>>> type(a, b)[K[K[K
... )
<type 'int'>
>>> )type(a[Kb)
<type 'str'>
>>> a [Ka = [ [K "[K'[K[ 'reeta', 'bhagya', 'pandi', 5, 6, 7.9 ]
>>> a
['reeta', 'bhagya', 'pandi', 5, 6, 7.9]
>>> a[0]
'reeta'
>>> a[0]][K3]
5
>>> a[3]][K-]1]
7.9
>>> a[-1]][K][K4]
6
>>> a[4]][K5]
7.9
>>> a[5]][K-]1]
7.9
>>> a[-1]][K2]
6
>>> a[-2]][K3]
5
>>> d[Kdir(a)
['__add__', '__class__', '__contains__', '__delattr__', '__delitem__', '__delslice__', '__doc__', '__eq__', '__format__', '__ge__', '__getattribute__', '__getitem__', '__getslice__', '__gt__', '__hash__', '__iadd__', '__imul__', '__init__', '__iter__', '__le__', '__len__', '__lt__', '__mul__', '__ne__', '__new__', '__reduce__', '__reduce_ex__', '__repr__', '__reversed__', '__rmul__', '__setattr__', '__setitem__', '__setslice__', '__sizeof__', '__str__', '__subclasshook__', 'append', 'count', 'extend', 'index', 'insert', 'pop', 'remove', 'reverse', 'sort']
>>> a
['reeta', 'bhagya', 'pandi', 5, 6, 7.9]
>>> a.append('[K89)
>>> a
['reeta', 'bhagya', 'pandi', 5, 6, 7.9, 89]
>>> a.append(89))[K)[K')b)h)a)g)h))[Ky)a)1)2)3)')
>>> a
['reeta', 'bhagya', 'pandi', 5, 6, 7.9, 89, 'bhagya123']
>>> a.count[K[K[K[K[K[K[Klen(a)
8
>>> a.insert(2, 'something')
>>> a
['reeta', 'bhagya', 'something', 'pandi', 5, 6, 7.9, 89, 'bhagya123']
>>> a
['reeta', 'bhagya', 'something', 'pandi', 5, 6, 7.9, 89, 'bhagya123']
>>> a.pop()
'bhagya123'
>>> a
['reeta', 'bhagya', 'something', 'pandi', 5, 6, 7.9, 89]
>>> stote_t[Kvalue = a.pi[Kop()
>>> stote_value
89
>>> a
['reeta', 'bhagya', 'something', 'pandi', 5, 6, 7.9]
>>> a.pp[K[Kappend(89(
... 
KeyboardInterrupt
>>> a.append(89([K)
>>> a
['reeta', 'bhagya', 'something', 'pandi', 5, 6, 7.9, 89]
>>> a.append(89)([6G[Kstote_value = a.pop()[5Ga[K.pop()3)
'pandi'
>>> a
['reeta', 'bhagya', 'something', 5, 6, 7.9, 89]
>>> a.remove(0)
Traceback (most recent call last):
  File "<stdin>", line 1, in <module>
ValueError: list.remove(x): x not in list
>>> a.remove(0)[K[K'reeta')
>>> a
['bhagya', 'something', 5, 6, 7.9, 89]
>>> dir[K[K[Ka.append('bhagya')
>>> a
['bhagya', 'something', 5, 6, 7.9, 89, 'bhagya']
>>> a.count('bhagya')
2
>>> dir(a)
['__add__', '__class__', '__contains__', '__delattr__', '__delitem__', '__delslice__', '__doc__', '__eq__', '__format__', '__ge__', '__getattribute__', '__getitem__', '__getslice__', '__gt__', '__hash__', '__iadd__', '__imul__', '__init__', '__iter__', '__le__', '__len__', '__lt__', '__mul__', '__ne__', '__new__', '__reduce__', '__reduce_ex__', '__repr__', '__reversed__', '__rmul__', '__setattr__', '__setitem__', '__setslice__', '__sizeof__', '__str__', '__subclasshook__', 'append', 'count', 'extend', 'index', 'insert', 'pop', 'remove', 'reverse', 'sort']
>>> a[Kn[Kb = range(12[K))
  File "<stdin>", line 1
    b = range(1))
                ^
SyntaxError: invalid syntax
>>> b = range(1))[K[K0)
>>> b
[0, 1, 2, 3, 4, 5, 6, 7, 8, 9]
>>> n[Kb.reverse()
>>> b
[9, 8, 7, 6, 5, 4, 3, 2, 1, 0]
>>> a
['bhagya', 'something', 5, 6, 7.9, 89, 'bhagya']
>>> for iter in a:
...  iter
... 
'bhagya'
'something'
5
6
7.9
89
'bhagya'
>>> for iter in a:
...  if iter == 89:
...   print(iter)
... 
89
>>> for i[Kn[Ki in a:
...  if i == 7.9:
...   
  File "<stdin>", line 2
    if i == 7.9:
               ^
IndentationError: expected an indented block
>>>  if i == 7.9:[5Gfor i in a:[K
...  print(i)
...  if i == 7.9:
...   break
... 
bhagya
something
5
6
7.9
>>> a = rane[K[Kg[Knge(10)
>>> a
[0, 1, 2, 3, 4, 5, 6, 7, 8, 9]
>>> for i in a:
...  print(i)
...  if i == 5:[K[K[K[K[K[K[K
KeyboardInterrupt
>>> for i in a:
...  if i == 5:
...    c[Kcontinue
...  print(i)
... 
0
1
2
3
4
6
7
8
9
>>> for i in a:
...  print(i)[K[K[K[K[K[K[K[K
  File "<stdin>", line 2
    
    ^
IndentationError: expected an indented block
>>> e[Kclear
Traceback (most recent call last):
  File "<stdin>", line 1, in <module>
NameError: name 'clear' is not defined
>>> 
>>> 
>>> for [K[K[Ka = [ '[K'a', 'b', 'c,[K', 'd', 'ee[K' ]
>>> 
>>> for i in a:
...  if i [K[K[Kprint(i)
... 
a
b
c
d
e
>>>  print(i)[5Gfor i in a:
...  if i == 'c':
...   continue
...  print(i)
... 
a
b
d
e
>>>  print(i)[6G continue[6Gif i == 'c':[5Gfor i in a:[K
...  if i == 'c'
  File "<stdin>", line 2
    if i == 'c'
              ^
SyntaxError: invalid syntax
>>>  if i == 'c'[5Gfor i in a:[K
... for i in a:[5G if i == 'c':
...   continue
...  print"hagsjhajg[K[K[K[K[K[K[K[K[K[K('ji [K[Khi how ar eyou')
...  print('doing someht[Kthing')
... 
hi how ar eyou
doing somehthing
hi how ar eyou
doing somehthing
hi how ar eyou
doing somehthing
hi how ar eyou
doing somehthing
>>>  print('doing somehthing')[13Ghi how ar eyou')[K[6G continue[K[6Gif i == 'c':[5Gfor i in a:[K[5G if i == 'c'[5Gfor i in a:[K[5G if i == 'c'
KeyboardInterrupt
>>> exit()
bash-3.2$ ipython
]0;IPython: nagee/psyPython 3.6.2 (v3.6.2:5fd33b5926, Jul 16 2017, 20:11:06) 
Type 'copyright', 'credits' or 'license' for more information
IPython 6.2.0 -- An enhanced Interactive Python. Type '?' for help.

[?1l[6n[?2004h[?25l[0m[?7l[0m[J[0;38;5;28mIn [[0;38;5;10;1m1[0;38;5;28m]: [8D[8C[?7h[0m[?12l[?25h[?25l[?7l[?7h[0m[?12l[?25h[?25l[?7l[0ma[0m [0m=[0m [0;38;5;0;48;5;152m[[0m [0;38;5;130m'a'[0m,[0m [0;38;5;130m'b'[0m,[0m [0;38;5;130m'c'[0m,[0m [0;38;5;130m'd'[0m,[0m [0;38;5;130m'e'[0m [0;38;5;0;48;5;152m][?7h[0m[?12l[?25h[?25l[?7l[39D[0m[J[0;38;5;28mIn [[0;38;5;10;1m1[0;38;5;28m]: [0ma[0m [0m=[0m [0m[[0m [0;38;5;130m'a'[0m,[0m [0;38;5;130m'b'[0m,[0m [0;38;5;130m'c'[0m,[0m [0;38;5;130m'd'[0m,[0m [0;38;5;130m'e'[0m [0m][39D[0m
[J[?7h[0m[?12l[?25h[?2004l
[?1l[6n[?2004h[?25l[0m[?7l[0m[J[0;38;5;28mIn [[0;38;5;10;1m2[0;38;5;28m]: [8D[8C[?7h[0m[?12l[?25h[?25l[?7l[?7h[0m[?12l[?25h[?25l[?7l[0mf[?7h[0m[?12l[?25h[?25l[?7l[0mo[?7h[0m[?12l[?25h[?25l[?7l[2D[0;38;5;28;1mfor[?7h[0m[?12l[?25h[?25l[?7l[0m [?7h[0m[?12l[?25h[?25l[?7l[0mi[?7h[0m[?12l[?25h[?25l[?7l[0m [?7h[0m[?12l[?25h[?25l[?7l[0mi[?7h[0m[?12l[?25h[?25l[?7l[0;38;5;129;1min[?7h[0m[?12l[?25h[?25l[?7l[0m [?7h[0m[?12l[?25h[?25l[?7l[0ma[?7h[0m[?12l[?25h[?25l[?7l[0m:[?7h[0m[?12l[?25h[?25l[?7l[0m
[0;38;5;28m   ...: [0m    [12D[12C[?7h[0m[?12l[?25h[?25l[?7l[0m [?7h[0m[?12l[?25h[?25l[?7l[0m [?7h[0m[?12l[?25h[?25l[?7l[0mi[?7h[0m[?12l[?25h[?25l[?7l[0;38;5;28;1mif[?7h[0m[?12l[?25h[?25l[?7l[0m [?7h[0m[?12l[?25h[?25l[?7l[0mi[?7h[0m[?12l[?25h[?25l[?7l[0m [?7h[0m[?12l[?25h[?25l[?7l[0m=[?7h[0m[?12l[?25h[?25l[?7l[0m=[?7h[0m[?12l[?25h[?25l[?7l[0m [?7h[0m[?12l[?25h[?25l[?7l[0;38;5;130m'[?7h[0m[?12l[?25h[?25l[?7l[0;38;5;130mc[?7h[0m[?12l[?25h[?25l[?7l[0;38;5;130m'[?7h[0m[?12l[?25h[?25l[?7l[0m:[?7h[0m[?12l[?25h[?25l[?7l[0m
[0;38;5;28m   ...: [0m        [16D[16C[?7h[0m[?12l[?25h[?25l[?7l[0mc[?7h[0m[?12l[?25h[?25l[?7l[0mo[?7h[0m[?12l[?25h[?25l[?7l[0mn[?7h[0m[?12l[?25h[?25l[?7l[0mt[?7h[0m[?12l[?25h[?25l[?7l[0mi[?7h[0m[?12l[?25h[?25l[?7l[0mn[?7h[0m[?12l[?25h[?25l[?7l[0mu[?7h[0m[?12l[?25h[?25l[?7l[7D[0;38;5;28;1mcontinue[?7h[0m[?12l[?25h[?25l[?7l[0m
[0;38;5;28m   ...: [0m    [12D[12C[?7h[0m[?12l[?25h[?25l[?7l[0mp[?7h[0m[?12l[?25h[?25l[?7l[0mr[?7h[0m[?12l[?25h[?25l[?7l[0mi[?7h[0m[?12l[?25h[?25l[?7l[0mn[?7h[0m[?12l[?25h[?25l[?7l[4D[0;38;5;28mprint[?7h[0m[?12l[?25h[?25l[?7l[0;38;5;130m"[?7h[0m[?12l[?25h[?25l[?7l[0m [?7h[0m[?12l[?25h[?25l[?7l[0m([?7h[0m[?12l[?25h[?25l[?7l[0;38;5;130m'[?7h[0m[?12l[?25h[?25l[?7l[0;38;5;130mh[?7h[0m[?12l[?25h[?25l[?7l[0;38;5;130mi[?7h[0m[?12l[?25h[?25l[?7l[0;38;5;130m [?7h[0m[?12l[?25h[?25l[?7l[0;38;5;130mh[?7h[0m[?12l[?25h[?25l[?7l[0;38;5;130mo[?7h[0m[?12l[?25h[?25l[?7l[0;38;5;130mw[?7h[0m[?12l[?25h[?25l[?7l[0;38;5;130m [?7h[0m[?12l[?25h[?25l[?7l[0m [?7h[0m[?12l[?25h[?25l[?7l[0m [?7h[0m[?12l[?25h[?25l[?7l[0m [?7h[0m[?12l[?25h[?25l[?7l[0m [?7h[0m[?12l[?25h[?25l[?7l[0m [?7h[0m[?12l[?25h[?25l[?7l[0m [?7h[0m[?12l[?25h[?25l[?7l[0m [?7h[0m[?12l[?25h[?25l[?7l[0;38;5;130mi[?7h[0m[?12l[?25h[?25l[?7l[0m [?7h[0m[?12l[?25h[?25l[?7l[0m [?7h[0m[?12l[?25h[?25l[?7l[0mi[?7h[0m[?12l[?25h[?25l[?7l[2D[0;38;5;0;48;5;152m([C)[?7h[0m[?12l[?25h[?25l[?7l[3D[0m([C)[0m
[0;38;5;28m   ...: [0m    [12D[12C[?7h[0m[?12l[?25h[?25l[?7l[0mp[?7h[0m[?12l[?25h[?25l[?7l[0mr[?7h[0m[?12l[?25h[?25l[?7l[0mi[?7h[0m[?12l[?25h[?25l[?7l[0mn[?7h[0m[?12l[?25h[?25l[?7l[4D[0;38;5;28mprint[?7h[0m[?12l[?25h[?25l[?7l[0m([?7h[0m[?12l[?25h[?25l[?7l[0;38;5;130m'[?7h[0m[?12l[?25h[?25l[?7l[0;38;5;130mh[?7h[0m[?12l[?25h[?25l[?7l[0;38;5;130mi[?7h[0m[?12l[?25h[?25l[?7l[0;38;5;130m [?7h[0m[?12l[?25h[?25l[?7l[0;38;5;130mh[?7h[0m[?12l[?25h[?25l[?7l[0;38;5;130mo[?7h[0m[?12l[?25h[?25l[?7l[0;38;5;130mw[?7h[0m[?12l[?25h[?25l[?7l[0;38;5;130m [?7h[0m[?12l[?25h[?25l[?7l[0;38;5;130ma[?7h[0m[?12l[?25h[?25l[?7l[0;38;5;130mr[?7h[0m[?12l[?25h[?25l[?7l[0;38;5;130me[?7h[0m[?12l[?25h[?25l[?7l[0;38;5;130m [?7h[0m[?12l[?25h[?25l[?7l[0;38;5;130my[?7h[0m[?12l[?25h[?25l[?7l[0;38;5;130mo[?7h[0m[?12l[?25h[?25l[?7l[0;38;5;130mu[?7h[0m[?12l[?25h[?25l[?7l[0;38;5;130mt[?7h[0m[?12l[?25h[?25l[?7l[0m [?7h[0m[?12l[?25h[?25l[?7l[0;38;5;130m'[?7h[0m[?12l[?25h[?25l[?7l[17D[0;38;5;0;48;5;152m([16C)[?7h[0m[?12l[?25h[?25l[?7l[18D[0m([16C)[0m
[0;38;5;28m   ...: [0m    [12D[12C[?7h[0m[?12l[?25h[?25l[?7l[5A[12D[0m[J[0;38;5;28mIn [[0;38;5;10;1m2[0;38;5;28m]: [0;38;5;28;1mfor[0m [0mi[0m [0;38;5;129;1min[0m [0ma[0m:[0m
[0;38;5;28m   ...: [0m    [0;38;5;28;1mif[0m [0mi[0m [0m==[0m [0;38;5;130m'c'[0m:[0m
[0;38;5;28m   ...: [0m        [0;38;5;28;1mcontinue[0m
[0;38;5;28m   ...: [0m    [0;38;5;28mprint[0m([0mi[0m)[0m
[0;38;5;28m   ...: [0m    [0;38;5;28mprint[0m([0;38;5;130m'hi how are you'[0m)[0m
[0;38;5;28m   ...: [0m    [12D[0m
[J[?7h[0m[?12l[?25h[?2004la
hi how are you
b
hi how are you
d
hi how are you
e
hi how are you

[?1l[6n[?2004h[?25l[0m[?7l[0m[J[0;38;5;28mIn [[0;38;5;10;1m3[0;38;5;28m]: [8D[8C[?7h[0m[?12l[?25h[?25l[?7l[?7h[0m[?12l[?25h[?25l[?7l[0ma[?7h[0m[?12l[?25h[?25l[?7l[0m [?7h[0m[?12l[?25h[?25l[?7l[0m [?7h[0m[?12l[?25h[?25l[?7l[0m [?7h[0m[?12l[?25h[?25l[?7l[?7h[0m[?12l[?25h[?25l[?7l[0ma[?7h[0m[?12l[?25h[?25l[?7l[9D[0m[J[0;38;5;28mIn [[0;38;5;10;1m3[0;38;5;28m]: [0ma[9D[0m
[J[?7h[0m[?12l[?25h[?2004l[0m[?7h[0;38;5;88mOut[[0;38;5;9;1m3[0;38;5;88m]: [0m['a', 'b', 'c', 'd', 'e']

[?1l[6n[?2004h[?25l[0m[?7l[0m[J[0;38;5;28mIn [[0;38;5;10;1m4[0;38;5;28m]: [8D[8C[?7h[0m[?12l[?25h[?25l[?7l[?7h[0m[?12l[?25h[?25l[?7l[0ma[?7h[0m[?12l[?25h[?25l[?7l[0m [?7h[0m[?12l[?25h[?25l[?7l[0m-[?7h[0m[?12l[?25h[?25l[?7l[0m [?7h[0m[?12l[?25h[?25l[?7l[0m [?7h[0m[?12l[?25h[?25l[?7l[0m [?7h[0m[?12l[?25h[?25l[?7l[0m=[?7h[0m[?12l[?25h[?25l[?7l[0m [?7h[0m[?12l[?25h[?25l[?7l[0mr[?7h[0m[?12l[?25h[?25l[?7l[0ma[?7h[0m[?12l[?25h[?25l[?7l[0mn[?7h[0m[?12l[?25h[?25l[?7l[0mg[?7h[0m[?12l[?25h[?25l[?7l[4D[0;38;5;28mrange[?7h[0m[?12l[?25h[?25l[?7l[0m([?7h[0m[?12l[?25h[?25l[?7l[0;38;5;28m1[?7h[0m[?12l[?25h[?25l[?7l[0;38;5;28m0[?7h[0m[?12l[?25h[?25l[?7l[3D[0;38;5;0;48;5;152m([2C)[?7h[0m[?12l[?25h[?25l[?7l[21D[0m[J[0;38;5;28mIn [[0;38;5;10;1m4[0;38;5;28m]: [0ma[0m [0m=[0m [0;38;5;28mrange[0m([0;38;5;28m10[0m)[21D[0m
[J[?7h[0m[?12l[?25h[?2004l
[?1l[6n[?2004h[?25l[0m[?7l[0m[J[0;38;5;28mIn [[0;38;5;10;1m5[0;38;5;28m]: [8D[8C[?7h[0m[?12l[?25h[?25l[?7l[?7h[0m[?12l[?25h[?25l[?7l[0ma[?7h[0m[?12l[?25h[?25l[?7l[9D[0m[J[0;38;5;28mIn [[0;38;5;10;1m5[0;38;5;28m]: [0ma[9D[0m
[J[?7h[0m[?12l[?25h[?2004l[0m[?7h[0;38;5;88mOut[[0;38;5;9;1m5[0;38;5;88m]: [0mrange(0, 10)

[?1l[6n[?2004h[?25l[0m[?7l[0m[J[0;38;5;28mIn [[0;38;5;10;1m6[0;38;5;28m]: [8D[8C[?7h[0m[?12l[?25h[?25l[?7l[?7h[0m[?12l[?25h[?25l[?7l[0ma[?7h[0m[?12l[?25h[?25l[?7l[0m [0m=[0m [0;38;5;28mrange[0;38;5;0;48;5;152m([0;38;5;28m10[0;38;5;0;48;5;152m)[?7h[0m[?12l[?25h[?25l[?7l[0;38;5;210;48;5;88m)[?7h[0m[?12l[?25h[?25l[?7l[3D[0m([2C)[2D[?7h[0m[?12l[?25h[?25l[?7l[?7h[0m[?12l[?25h[?25l[?7l[C[?7h[0m[?12l[?25h[?25l[?7l[2D[0;38;5;0;48;5;152m([2C[0;38;5;210;48;5;88m)[?7h[0m[?12l[?25h[?25l[?7l[0;38;5;0;48;5;152m)[?7h[0m[?12l[?25h[?25l[?7l[4D[0m([2C))[?7h[0m[?12l[?25h[?25l[?7l[?7h[0m[?12l[?25h[?25l[?7l[4D[0;38;5;0;48;5;152m([2C[0;38;5;210;48;5;88m)[?7h[0m[?12l[?25h[?25l[?7l[3D[0m([2C)[2D[?7h[0m[?12l[?25h[?25l[?7l[?7h[0m[?12l[?25h[?25l[?7l[0;38;5;210;48;5;88m([2C[0;38;5;0;48;5;152m)[4D[?7h[0m[?12l[?25h[?25l[?7l[0m([2C)[5D[?7h[0m[?12l[?25h[?25l[?7l[?7h[0m[?12l[?25h[?25l[?7l[?7h[0m[?12l[?25h[?25l[?7l[?7h[0m[?12l[?25h[?25l[?7l[?7h[0m[?12l[?25h[?25l[?7l[0mlrange[0m([0;38;5;28m10[C[0m)[10D[?7h[0m[?12l[?25h[?25l[?7l[0mirange[0m([0;38;5;28m10[C[0m)[10D[?7h[0m[?12l[?25h[?25l[?7l[0msrange[0m([0;38;5;28m10[C[0m)[10D[?7h[0m[?12l[?25h[?25l[?7l[0mtrange[0m([0;38;5;28m10[C[0m)[10D[?7h[0m[?12l[?25h[?25l[?7l[4D[0;38;5;28mlist[0m([0;38;5;28mrange[0m([0;38;5;28m10[C[0m)[10D[?7h[0m[?12l[?25h[?25l[?7l[17D[0m[J[0;38;5;28mIn [[0;38;5;10;1m6[0;38;5;28m]: [0ma[0m [0m=[0m [0;38;5;28mlist[0m([0;38;5;28mrange[0m([0;38;5;28m10[0m))[27D[0m
[J[?7h[0m[?12l[?25h[?2004l
[?1l[6n[?2004h[?25l[0m[?7l[0m[J[0;38;5;28mIn [[0;38;5;10;1m7[0;38;5;28m]: [8D[8C[?7h[0m[?12l[?25h[?25l[?7l[?7h[0m[?12l[?25h[?25l[?7l[0ma[?7h[0m[?12l[?25h[?25l[?7l[9D[0m[J[0;38;5;28mIn [[0;38;5;10;1m7[0;38;5;28m]: [0ma[9D[0m
[J[?7h[0m[?12l[?25h[?2004l[0m[?7h[0;38;5;88mOut[[0;38;5;9;1m7[0;38;5;88m]: [0m[0, 1, 2, 3, 4, 5, 6, 7, 8, 9]

[?1l[6n[?2004h[?25l[0m[?7l[0m[J[0;38;5;28mIn [[0;38;5;10;1m8[0;38;5;28m]: [8D[8C[?7h[0m[?12l[?25h[?25l[?7l[?7h[0m[?12l[?25h[?25l[?7l[0mi[?7h[0m[?12l[?25h[?25l[?7l[0;38;5;28;1mif[?7h[0m[?12l[?25h[?25l[?7l[0m [?7h[0m[?12l[?25h[?25l[?7l[0ma[?7h[0m[?12l[?25h[?25l[?7l[0m [?7h[0m[?12l[?25h[?25l[?7l[0m>[?7h[0m[?12l[?25h[?25l[?7l[0m [?7h[0m[?12l[?25h[?25l[?7l[0;38;5;28m1[?7h[0m[?12l[?25h[?25l[?7l[0;38;5;28m0[?7h[0m[?12l[?25h[?25l[?7l[0m:[?7h[0m[?12l[?25h[?25l[?7l[0m
[0;38;5;28m   ...: [0m    [12D[12C[?7h[0m[?12l[?25h[?25l[?7l[0m [?7h[0m[?12l[?25h[?25l[?7l[0m [?7h[0m[?12l[?25h[?25l[?7l[0mp[?7h[0m[?12l[?25h[?25l[?7l[0ma[?7h[0m[?12l[?25h[?25l[?7l[0ms[?7h[0m[?12l[?25h[?25l[?7l[3D[0;38;5;28;1mpass[?7h[0m[?12l[?25h[?25l[?7l[0m
[0;38;5;28m   ...: [8D[8C[?7h[0m[?12l[?25h[?25l[?7l[0me[?7h[0m[?12l[?25h[?25l[?7l[0ml[?7h[0m[?12l[?25h[?25l[?7l[0ms[?7h[0m[?12l[?25h[?25l[?7l[0m [?7h[0m[?12l[?25h[?25l[?7l[0mi[?7h[0m[?12l[?25h[?25l[?7l[3D[0;38;5;28;1melif[?7h[0m[?12l[?25h[?25l[?7l[0m [?7h[0m[?12l[?25h[?25l[?7l[0mb[?7h[0m[?12l[?25h[?25l[?7l[0m [?7h[0m[?12l[?25h[?25l[?7l[0m>[?7h[0m[?12l[?25h[?25l[?7l[0m [?7h[0m[?12l[?25h[?25l[?7l[0;38;5;28m5[?7h[0m[?12l[?25h[?25l[?7l[0;38;5;28m0[?7h[0m[?12l[?25h[?25l[?7l[0m:[?7h[0m[?12l[?25h[?25l[?7l[0m
[0;38;5;28m   ...: [0m    [12D[12C[?7h[0m[?12l[?25h[?25l[?7l[0mp[?7h[0m[?12l[?25h[?25l[?7l[0ma[?7h[0m[?12l[?25h[?25l[?7l[0ms[?7h[0m[?12l[?25h[?25l[?7l[3D[0;38;5;28;1mpass[?7h[0m[?12l[?25h[?25l[?7l[0m
[0;38;5;28m   ...: [8D[8C[?7h[0m[?12l[?25h[?25l[?7l[0me[?7h[0m[?12l[?25h[?25l[?7l[0ml[?7h[0m[?12l[?25h[?25l[?7l[0ms[?7h[0m[?12l[?25h[?25l[?7l[0mi[?7h[0m[?12l[?25h[?25l[?7l[0mf[?7h[0m[?12l[?25h[?25l[?7l[0m [?7h[0m[?12l[?25h[?25l[?7l[0;38;5;28m8[?7h[0m[?12l[?25h[?25l[?7l[0m [?7h[0m[?12l[?25h[?25l[?7l[0m>[?7h[0m[?12l[?25h[?25l[?7l[0m [?7h[0m[?12l[?25h[?25l[?7l[0;38;5;28m1[?7h[0m[?12l[?25h[?25l[?7l[0;38;5;28m0[?7h[0m[?12l[?25h[?25l[?7l[0m:[?7h[0m[?12l[?25h[?25l[?7l[4A[21D[0m[J[0;38;5;28mIn [[0;38;5;10;1m8[0;38;5;28m]: [0;38;5;28;1mif[0m [0ma[0m [0m>[0m [0;38;5;28m10[0m:[0m
[0;38;5;28m   ...: [0m    [0;38;5;28;1mpass[0m
[0;38;5;28m   ...: [0;38;5;28;1melif[0m [0mb[0m [0m>[0m [0;38;5;28m50[0m:[0m
[0;38;5;28m   ...: [0m    [0;38;5;28;1mpass[0m
[0;38;5;28m   ...: [0melsif[0m [0;38;5;28m8[0m [0m>[0m [0;38;5;28m10[0m:[21D[0m
[J[?7h[0m[?12l[?25h[?2004l[0;36m  File [0;32m"<ipython-input-8-4f9c232bb3a7>"[0;36m, line [0;32m5[0m
[0;31m    elsif 8 > 10:[0m
[0m          ^[0m
[0;31mSyntaxError[0m[0;31m:[0m invalid syntax


[?1l[6n[?2004h[?25l[0m[?7l[0m[J[0;38;5;28mIn [[0;38;5;10;1m9[0;38;5;28m]: [8D[8C[?7h[0m[?12l[?25h[?25l[?7l[?7h[0m[?12l[?25h[?25l[?7l[0me[?7h[0m[?12l[?25h[?25l[?7l[0mx[?7h[0m[?12l[?25h[?25l[?7l[0mi[?7h[0m[?12l[?25h[?25l[?7l[0mt[?7h[0m[?12l[?25h[?25l[?7l[0m([?7h[0m[?12l[?25h[?25l[?7l[0;38;5;0;48;5;152m()[?7h[0m[?12l[?25h[?25l[?7l[2D[0m()[0m\[?7h[0m[?12l[?25h[?25l[?7l[3D[0;38;5;0;48;5;152m()[0m [?7h[0m[?12l[?25h[?25l[?7l[14D[0m[J[0;38;5;28mIn [[0;38;5;10;1m9[0;38;5;28m]: [0mexit[0m()[14D[0m
[J[?7h[0m[?12l[?25h[?2004lbash-3.2$ clear
[H[2Jbash-3.2$ 